WARNING: This is a development server. Do not use it in a production deployment. Use a production WSGI server instead.
 * Running on http://127.0.0.1:8770
Press CTRL+C to quit
[2026-09-26 01:42:30,927] ERROR in app: Exception on /api/dex [GET]
Traceback (most recent call last):
  File "C:\Users\ANGEL\AppData\Local\Programs\Python\Python312\Lib\site-packages\flask\app.py", line 1511, in wsgi_app
    response = self.full_dispatch_request()
               ^^^^^^^^^^^^^^^^^^^^^^^^^^^^
  File "C:\Users\ANGEL\AppData\Local\Programs\Python\Python312\Lib\site-packages\flask\app.py", line 919, in full_dispatch_request
    rv = self.handle_user_exception(e)
         ^^^^^^^^^^^^^^^^^^^^^^^^^^^^^
  File "C:\Users\ANGEL\AppData\Local\Programs\Python\Python312\Lib\site-packages\flask\app.py", line 917, in full_dispatch_request
    rv = self.dispatch_request()
         ^^^^^^^^^^^^^^^^^^^^^^^
  File "C:\Users\ANGEL\AppData\Local\Programs\Python\Python312\Lib\site-packages\flask\app.py", line 902, in dispatch_request
    return self.ensure_sync(self.view_functions[rule.endpoint])(**view_args)  # type: ignore[no-any-return]
           ^^^^^^^^^^^^^^^^^^^^^^^^^^^^^^^^^^^^^^^^^^^^^^^^^^^^^^^^^^^^^^^^^
  File "C:\Users\ANGEL\Doubao\chats\2026-09-12\new-chat\dex_scanner\server.py", line 382, in api_dex
    def api_dex(): return jsonify(fetch_meme_coins())
                                  ^^^^^^^^^^^^^^^^^^
  File "C:\Users\ANGEL\Doubao\chats\2026-09-12\new-chat\dex_scanner\server.py", line 180, in fetch_meme_coins
    pos["pnl"] = pos["current_value"] - pos["invested_usd"]
                                        ~~~^^^^^^^^^^^^^^^^
KeyError: 'invested_usd'
127.0.0.1 - - [26/Sep/2026 01:42:30] "GET /api/dex HTTP/1.1" 500 -
[2026-09-26 01:42:40,647] ERROR in app: Exception on /api/dex [GET]
Traceback (most recent call last):
  File "C:\Users\ANGEL\AppData\Local\Programs\Python\Python312\Lib\site-packages\flask\app.py", line 1511, in wsgi_app
    response = self.full_dispatch_request()
               ^^^^^^^^^^^^^^^^^^^^^^^^^^^^
  File "C:\Users\ANGEL\AppData\Local\Programs\Python\Python312\Lib\site-packages\flask\app.py", line 919, in full_dispatch_request
    rv = self.handle_user_exception(e)
         ^^^^^^^^^^^^^^^^^^^^^^^^^^^^^
  File "C:\Users\ANGEL\AppData\Local\Programs\Python\Python312\Lib\site-packages\flask\app.py", line 917, in full_dispatch_request
    rv = self.dispatch_request()
         ^^^^^^^^^^^^^^^^^^^^^^^
  File "C:\Users\ANGEL\AppData\Local\Programs\Python\Python312\Lib\site-packages\flask\app.py", line 902, in dispatch_request
    return self.ensure_sync(self.view_functions[rule.endpoint])(**view_args)  # type: ignore[no-any-return]
           ^^^^^^^^^^^^^^^^^^^^^^^^^^^^^^^^^^^^^^^^^^^^^^^^^^^^^^^^^^^^^^^^^
  File "C:\Users\ANGEL\Doubao\chats\2026-09-12\new-chat\dex_scanner\server.py", line 382, in api_dex
    def api_dex(): return jsonify(fetch_meme_coins())
                                  ^^^^^^^^^^^^^^^^^^
  File "C:\Users\ANGEL\Doubao\chats\2026-09-12\new-chat\dex_scanner\server.py", line 180, in fetch_meme_coins
    pos["pnl"] = pos["current_value"] - pos["invested_usd"]
                                        ~~~^^^^^^^^^^^^^^^^
KeyError: 'invested_usd'
127.0.0.1 - - [26/Sep/2026 01:42:40] "GET /api/dex HTTP/1.1" 500 -
[2026-09-26 01:42:41,329] ERROR in app: Exception on /api/dex [GET]
Traceback (most recent call last):
  File "C:\Users\ANGEL\AppData\Local\Programs\Python\Python312\Lib\site-packages\flask\app.py", line 1511, in wsgi_app
    response = self.full_dispatch_request()
               ^^^^^^^^^^^^^^^^^^^^^^^^^^^^
  File "C:\Users\ANGEL\AppData\Local\Programs\Python\Python312\Lib\site-packages\flask\app.py", line 919, in full_dispatch_request
    rv = self.handle_user_exception(e)
         ^^^^^^^^^^^^^^^^^^^^^^^^^^^^^
  File "C:\Users\ANGEL\AppData\Local\Programs\Python\Python312\Lib\site-packages\flask\app.py", line 917, in full_dispatch_request
    rv = self.dispatch_request()
         ^^^^^^^^^^^^^^^^^^^^^^^
  File "C:\Users\ANGEL\AppData\Local\Programs\Python\Python312\Lib\site-packages\flask\app.py", line 902, in dispatch_request
    return self.ensure_sync(self.view_functions[rule.endpoint])(**view_args)  # type: ignore[no-any-return]
           ^^^^^^^^^^^^^^^^^^^^^^^^^^^^^^^^^^^^^^^^^^^^^^^^^^^^^^^^^^^^^^^^^
  File "C:\Users\ANGEL\Doubao\chats\2026-09-12\new-chat\dex_scanner\server.py", line 382, in api_dex
    def api_dex(): return jsonify(fetch_meme_coins())
                                  ^^^^^^^^^^^^^^^^^^
  File "C:\Users\ANGEL\Doubao\chats\2026-09-12\new-chat\dex_scanner\server.py", line 180, in fetch_meme_coins
    pos["pnl"] = pos["current_value"] - pos["invested_usd"]
                                        ~~~^^^^^^^^^^^^^^^^
KeyError: 'invested_usd'
127.0.0.1 - - [26/Sep/2026 01:42:41] "GET /api/dex HTTP/1.1" 500 -
[2026-09-26 01:42:48,283] ERROR in app: Exception on /api/dex [GET]
Traceback (most recent call last):
  File "C:\Users\ANGEL\AppData\Local\Programs\Python\Python312\Lib\site-packages\flask\app.py", line 1511, in wsgi_app
    response = self.full_dispatch_request()
               ^^^^^^^^^^^^^^^^^^^^^^^^^^^^
  File "C:\Users\ANGEL\AppData\Local\Programs\Python\Python312\Lib\site-packages\flask\app.py", line 919, in full_dispatch_request
    rv = self.handle_user_exception(e)
         ^^^^^^^^^^^^^^^^^^^^^^^^^^^^^
  File "C:\Users\ANGEL\AppData\Local\Programs\Python\Python312\Lib\site-packages\flask\app.py", line 917, in full_dispatch_request
    rv = self.dispatch_request()
         ^^^^^^^^^^^^^^^^^^^^^^^
  File "C:\Users\ANGEL\AppData\Local\Programs\Python\Python312\Lib\site-packages\flask\app.py", line 902, in dispatch_request
    return self.ensure_sync(self.view_functions[rule.endpoint])(**view_args)  # type: ignore[no-any-return]
           ^^^^^^^^^^^^^^^^^^^^^^^^^^^^^^^^^^^^^^^^^^^^^^^^^^^^^^^^^^^^^^^^^
  File "C:\Users\ANGEL\Doubao\chats\2026-09-12\new-chat\dex_scanner\server.py", line 382, in api_dex
    def api_dex(): return jsonify(fetch_meme_coins())
                                  ^^^^^^^^^^^^^^^^^^
  File "C:\Users\ANGEL\Doubao\chats\2026-09-12\new-chat\dex_scanner\server.py", line 180, in fetch_meme_coins
    pos["pnl"] = pos["current_value"] - pos["invested_usd"]
                                        ~~~^^^^^^^^^^^^^^^^
KeyError: 'invested_usd'
127.0.0.1 - - [26/Sep/2026 01:42:48] "GET /api/dex HTTP/1.1" 500 -
[2026-09-26 01:42:55,579] ERROR in app: Exception on /api/dex [GET]
Traceback (most recent call last):
  File "C:\Users\ANGEL\AppData\Local\Programs\Python\Python312\Lib\site-packages\flask\app.py", line 1511, in wsgi_app
    response = self.full_dispatch_request()
               ^^^^^^^^^^^^^^^^^^^^^^^^^^^^
  File "C:\Users\ANGEL\AppData\Local\Programs\Python\Python312\Lib\site-packages\flask\app.py", line 919, in full_dispatch_request
    rv = self.handle_user_exception(e)
         ^^^^^^^^^^^^^^^^^^^^^^^^^^^^^
  File "C:\Users\ANGEL\AppData\Local\Programs\Python\Python312\Lib\site-packages\flask\app.py", line 917, in full_dispatch_request
    rv = self.dispatch_request()
         ^^^^^^^^^^^^^^^^^^^^^^^
  File "C:\Users\ANGEL\AppData\Local\Programs\Python\Python312\Lib\site-packages\flask\app.py", line 902, in dispatch_request
    return self.ensure_sync(self.view_functions[rule.endpoint])(**view_args)  # type: ignore[no-any-return]
           ^^^^^^^^^^^^^^^^^^^^^^^^^^^^^^^^^^^^^^^^^^^^^^^^^^^^^^^^^^^^^^^^^
  File "C:\Users\ANGEL\Doubao\chats\2026-09-12\new-chat\dex_scanner\server.py", line 382, in api_dex
    @app.route("/api/dex")
                           
  File "C:\Users\ANGEL\Doubao\chats\2026-09-12\new-chat\dex_scanner\server.py", line 180, in fetch_meme_coins
    invested = pos.get("invested_usd", pos.get("invested", 0))
                                        ^^^^^^^^^^^^^^^^^^^
KeyError: 'invested_usd'
127.0.0.1 - - [26/Sep/2026 01:42:55] "GET /api/dex HTTP/1.1" 500 -
